INFO:root:The very first code for logging
INFO:root:The very first code for logging
INFO:root:The very first code for logging
INFO:root:vishal
INFO:root:The very first code for logging
INFO:root:[1, 2, 34, 11, 'vishal']
INFO:root:The very first code for logging
WARNING:root: Try to load warning message
INFO:root:The very first code for logging
WARNING:root: Try to load warning message
ERROR:root:This is error message from the system
INFO:root:The very first code for logging
WARNING:root: Try to load warning message
ERROR:root:This is error message from the system
